ASxxxx Linker V03.00 + NoICE + sdld,  page 1.
Hexadecimal  [32-Bits]

Area                                    Addr        Size        Decimal Bytes (Attributes)
--------------------------------        ----        ----        ------- ----- ------------
.  .ABS.                            00000000    00000000 =           0. bytes (ABS,CON)

      Value  Global                              Global Defined In Module
      -----  --------------------------------   ------------------------
     00000000  .__.ABS.                           
     00000000  _rRAMG                             
     00000000  l__BASE                         
     00000000  l__BSS                          
     00000000  l__CABS                         
     00000000  l__CODE_0                       
     00000000  l__CRASH_HEADER                 
     00000000  l__CRASH_SCRATCH                
     00000000  l__DABS                         
     00000000  l__EHL_TRAMPOLINE               
     00000000  l__HEADER                       
     00000000  l__HEADER_LCD                   
     00000000  l__HEADER_SIO                   
     00000000  l__HEADER_TIMER                 
     00000000  l__HEAP                         
     00000000  l__HRAM                         
     00000000  l__LIT                          
     00000000  s__CABS                         
     00000000  s__CRASH_HEADER                 
     00000000  s__CRASH_HEADER0                
     00000000  s__CRASH_HEADER1                
     00000000  s__CRASH_SCRATCH                
     00000000  s__CRASH_SCRATCH2               
     00000000  s__DABS                         
     00000000  s__EHL_TRAMPOLINE               
     00000000  s__EHL_TRAMPOLINE0              
     00000000  s__HEADER                       
     00000000  s__HEADER0                      
     00000000  s__HEADER1                      
     00000000  s__HEADER10                     
     00000000  s__HEADER11                     
     00000000  s__HEADER2                      
     00000000  s__HEADER3                      
     00000000  s__HEADER4                      
     00000000  s__HEADER5                      
     00000000  s__HEADER6                      
     00000000  s__HEADER7                      
     00000000  s__HEADER8                      
     00000000  s__HEADER9                      
     00000000  s__HEADER_LCD                   
     00000000  s__HEADER_LCD0                  
     00000000  s__HEADER_SIO                   
     00000000  s__HEADER_SIO0                  
     00000000  s__HEADER_TIMER                 
     00000000  s__HEADER_TIMER0                
     00000000  s__HEADERa                      
     00000000  s__HEADERb                      
     00000000  s__HEADERc                      
     00000000  s__HEADERd                      
     00000000  s__HEADERe                      
ASxxxx Linker V03.00 + NoICE + sdld,  page 2.
Hexadecimal  [32-Bits]

Area                                    Addr        Size        Decimal Bytes (Attributes)
--------------------------------        ----        ----        ------- ----- ------------
.  .ABS.                            00000000    00000000 =           0. bytes (ABS,CON)

      Value  Global                              Global Defined In Module
      -----  --------------------------------   ------------------------
     00000000  s__HEADERf                      
     00000000  s__HRAM                         
     00000000  s__HRAM12                       
     00000001  ___bank_VM_GBPRINTER               vm_gbprinter
     00000001  ___bank_VM_SGB                     vm_sgb
     00000001  ___bank_bg_coralmaze_tilemap_att   bg_coralmaze_tilemap_attr
     00000001  b_do_load_palette                  data_manager
     00000001  b_load_background                  data_manager
     00000001  b_load_bkg_tileset                 data_manager
     00000001  b_load_bounds                      data_manager
     00000001  b_load_emote                       data_manager
     00000001  b_load_init                        data_manager
     00000001  b_load_player                      data_manager
     00000001  b_load_scene                       data_manager
     00000001  b_load_sprite                      data_manager
     00000001  b_remove_LCD_ISRs                  interrupts
     00000001  b_ui_draw_frame                    ui
     00000001  b_ui_draw_text_buffer_char         ui
     00000001  b_ui_init                          ui
     00000001  b_ui_load_tiles                    ui
     00000001  b_ui_run_menu                      ui
     00000001  b_ui_run_modal                     ui
     00000001  b_ui_set_start_tile                ui
     00000001  b_vm_print_detect                  vm_gbprinter
     00000001  b_vm_print_overlay                 vm_gbprinter
     00000001  l__GSFINAL                      
     00000001  l__HEADER0                      
     00000001  l__HEADER11                     
     00000001  l__HEADER9                      
     00000001  l__HEADERa                      
     00000001  l__HEADERb                      
     00000001  l__HEADERd                      
     00000001  l__HEADERe                      
     00000002  ___bank_actor_1_update             actor_1_update
     00000002  ___bank_bg_blueridgestarcave_til   bg_blueridgestarcave_tilemap
     00000002  ___bank_bg_coralmaze_tilemap       bg_coralmaze_tilemap
     00000002  ___bank_bg_knrcandjunepresents_t   bg_knrcandjunepresents_tiles
     00000002  l__HEADER5                      
     00000002  l__HEADERc                      
     00000002  l__HEADERf                      
     00000003  ___bank_bg_blueridgestarcave_til   bg_blueridgestarcave_tilemap
     00000003  ___bank_bg_pyramidview_tilemap_a   bg_pyramidview_tilemap_attr
     00000003  ___bank_scene_37_collisions        scene_37_collisions
     00000003  b_camera_init                      camera
     00000003  b_camera_reset                     camera
     00000003  l__HEADER8                      
     00000003  l__HEADER_LCD0                  
     00000003  l__HRAM12                       
     00000004  ___bank_ACTOR                      actor
     00000004  ___bank_bootstrap_script           
     00000004  ___bank_scene_31_collisions        scene_31_collisions
ASxxxx Linker V03.00 + NoICE + sdld,  page 3.
Hexadecimal  [32-Bits]

Area                                    Addr        Size        Decimal Bytes (Attributes)
--------------------------------        ----        ----        ------- ----- ------------
.  .ABS.                            00000000    00000000 =           0. bytes (ABS,CON)

      Value  Global                              Global Defined In Module
      -----  --------------------------------   ------------------------
     00000004  b_activate_actor                   actor
     00000004  b_activate_actors_in_col           actor
     00000004  b_activate_actors_in_row           actor
     00000004  b_actor_at_tile                    actor
     00000004  b_actor_get_frame_offset           actor
     00000004  b_actor_in_front_of_player         actor
     00000004  b_actor_overlapping_bb             actor
     00000004  b_actor_overlapping_player         actor
     00000004  b_actor_set_anim_idle              actor
     00000004  b_actor_set_anim_moving            actor
     00000004  b_actor_set_dir                    actor
     00000004  b_actor_set_frame_offset           actor
     00000004  b_actor_set_frames                 actor
     00000004  b_actors_handle_player_collision   actor
     00000004  b_actors_init                      actor
     00000004  b_check_collision_in_direction     actor
     00000004  b_deactivate_actor                 actor
     00000004  b_platform_init                    platform
     00000004  b_platform_update                  platform
     00000004  b_player_init                      actor
     00000004  l__CRASH_HEADER1                
     00000004  l__HEADER_SIO0                  
     00000004  l__HEADER_TIMER0                
     00000005  ___bank_VM_ACTOR                   vm_actor
     00000005  ___bank_bg_ending_tileset          bg_ending_tileset
     00000005  ___bank_bg_forestmaintest_tilema   bg_forestmaintest_tilemap
     00000005  ___bank_bg_forestmaintest_tilema   bg_forestmaintest_tilemap_at
     00000005  ___bank_spritesheet_none           spritesheet_none
     00000005  b_vm_actor_activate                vm_actor
     00000005  b_vm_actor_deactivate              vm_actor
     00000005  b_vm_actor_emote                   vm_actor
     00000005  b_vm_actor_get_angle               vm_actor
     00000005  b_vm_actor_get_anim_frame          vm_actor
     00000005  b_vm_actor_get_dir                 vm_actor
     00000005  b_vm_actor_get_pos                 vm_actor
     00000005  b_vm_actor_move_cancel             vm_actor
     00000005  b_vm_actor_move_to                 vm_actor
     00000005  b_vm_actor_replace_tile            vm_actor
     00000005  b_vm_actor_set_anim                vm_actor
     00000005  b_vm_actor_set_anim_frame          vm_actor
     00000005  b_vm_actor_set_anim_set            vm_actor
     00000005  b_vm_actor_set_anim_tick           vm_actor
     00000005  b_vm_actor_set_bounds              vm_actor
     00000005  b_vm_actor_set_dir                 vm_actor
     00000005  b_vm_actor_set_flags               vm_actor
     00000005  b_vm_actor_set_move_speed          vm_actor
     00000005  b_vm_actor_set_pos                 vm_actor
     00000005  b_vm_actor_set_spritesheet         vm_actor
     00000005  b_vm_actor_set_spritesheet_by_re   vm_actor
     00000005  b_vm_actor_terminate_update        vm_actor
     00000005  l__CRASH_HEADER0                
ASxxxx Linker V03.00 + NoICE + sdld,  page 4.
Hexadecimal  [32-Bits]

Area                                    Addr        Size        Decimal Bytes (Attributes)
--------------------------------        ----        ----        ------- ----- ------------
.  .ABS.                            00000000    00000000 =           0. bytes (ABS,CON)

      Value  Global                              Global Defined In Module
      -----  --------------------------------   ------------------------
     00000005  l__HEADER1                      
     00000006  ___bank_VM_MAIN                    vm
     00000006  ___bank_bg_coralstart_tilemap_at   bg_coralstart_tilemap_attr
     00000006  ___bank_font_gbs_mono              font_gbs_mono
     00000006  ___bank_scene_0_init               scene_0_init
     00000006  ___bank_scene_47_collisions        scene_47_collisions
     00000006  ___bank_trigger_5_interact         trigger_5_interact
     00000006  b_script_detach_hthread            vm
     00000006  b_script_execute                   vm
     00000006  b_script_runner_init               vm
     00000006  b_script_terminate                 vm
     00000006  b_vm_call                          vm
     00000006  b_vm_call_far                      vm
     00000006  b_vm_get_indirect                  vm
     00000006  b_vm_get_int16                     vm
     00000006  b_vm_get_int8                      vm
     00000006  b_vm_get_tlocal                    vm
     00000006  b_vm_get_uint8                     vm
     00000006  b_vm_idle                          vm
     00000006  b_vm_if                            vm
     00000006  b_vm_if_const                      vm
     00000006  b_vm_init_rng                      vm
     00000006  b_vm_invoke                        vm
     00000006  b_vm_join                          vm
     00000006  b_vm_jump                          vm
     00000006  b_vm_lock                          vm
     00000006  b_vm_loop                          vm
     00000006  b_vm_memcpy                        vm
     00000006  b_vm_memset                        vm
     00000006  b_vm_poll_loaded                   vm
     00000006  b_vm_pop                           vm
     00000006  b_vm_push                          vm
     00000006  b_vm_push_reference                vm
     00000006  b_vm_push_value                    vm
     00000006  b_vm_push_value_ind                vm
     00000006  b_vm_raise                         vm
     00000006  b_vm_rand                          vm
     00000006  b_vm_reserve                       vm
     00000006  b_vm_ret                           vm
     00000006  b_vm_ret_far                       vm
     00000006  b_vm_set                           vm
     00000006  b_vm_set_const                     vm
     00000006  b_vm_set_const_int16               vm
     00000006  b_vm_set_const_int8                vm
     00000006  b_vm_set_indirect                  vm
     00000006  b_vm_set_int16                     vm
     00000006  b_vm_set_int8                      vm
     00000006  b_vm_set_uint8                     vm
     00000006  b_vm_terminate                     vm
     00000006  b_vm_test_terminate                vm
     00000006  b_vm_unlock                        vm
ASxxxx Linker V03.00 + NoICE + sdld,  page 5.
Hexadecimal  [32-Bits]

Area                                    Addr        Size        Decimal Bytes (Attributes)
--------------------------------        ----        ----        ------- ----- ------------
.  .ABS.                            00000000    00000000 =           0. bytes (ABS,CON)

      Value  Global                              Global Defined In Module
      -----  --------------------------------   ------------------------
     00000006  b_wait_frames                      vm
     00000006  l__HEADER7                      
     00000007  ___bank_VM_SCENE                   vm_scene
     00000007  ___bank_bg_coralstart_tilemap      bg_coralstart_tilemap
     00000007  ___bank_bg_coraltree_tileset       bg_coraltree_tileset
     00000007  ___bank_bg_forestmaintest_tilese   bg_forestmaintest_tileset
     00000007  ___bank_bg_pyramidtop_tileset      bg_pyramidtop_tileset
     00000007  ___bank_scene_36_collisions        scene_36_collisions
     00000007  ___bank_trigger_4_interact         trigger_4_interact
     00000007  b_vm_scene_pop                     vm_scene
     00000007  b_vm_scene_pop_all                 vm_scene
     00000007  b_vm_scene_push                    vm_scene
     00000007  b_vm_scene_stack_reset             vm_scene
     00000007  l__HEADER2                      
     00000008  ___bank_bg_coralvillage_tilemap_   bg_coralvillage_tilemap_attr
     00000008  ___bank_bg_journalcactus_tileset   bg_journalcactus_tileset
     00000008  ___bank_bg_journalplant_tileset    bg_journalplant_tileset
     00000008  ___bank_bg_journalsomeguys_tiles   bg_journalsomeguys_tileset
     00000008  ___bank_bg_journaltrap_tileset     bg_journaltrap_tileset
     00000008  ___bank_bg_mountain_entrance_til   bg_mountain_entrance_tileset
     00000008  ___bank_scene_34_sprites           scene_34_sprites
     00000008  l__HEADER3                      
     00000009  ___bank_VM_GAMEBOY                 vm_gameboy
     00000009  ___bank_bg_ambercave               bg_ambercave
     00000009  ___bank_bg_coralmaze_tileset       bg_coralmaze_tileset
     00000009  ___bank_bg_journalnecklace_tiles   bg_journalnecklace_tileset
     00000009  ___bank_bg_journalpoker_tileset    bg_journalpoker_tileset
     00000009  ___bank_bg_journalswerve_tileset   bg_journalswerve_tileset
     00000009  ___bank_bg_starclearingnew_tiles   bg_starclearingnew_tileset
     00000009  b_vm_context_prepare               vm_gameboy
     00000009  b_vm_fade                          vm_gameboy
     00000009  b_vm_get_tile_xy                   vm_gameboy
     00000009  b_vm_input_attach                  vm_gameboy
     00000009  b_vm_input_detach                  vm_gameboy
     00000009  b_vm_input_get                     vm_gameboy
     00000009  b_vm_input_wait                    vm_gameboy
     00000009  b_vm_load_tiles                    vm_gameboy
     00000009  b_vm_load_tileset                  vm_gameboy
     00000009  b_vm_poll                          vm_gameboy
     00000009  b_vm_replace_tile                  vm_gameboy
     00000009  b_vm_replace_tile_xy               vm_gameboy
     00000009  b_vm_rumble                        vm_gameboy
     00000009  b_vm_set_sprite_mode               vm_gameboy
     00000009  b_vm_set_sprites_visible           vm_gameboy
     00000009  b_vm_timer_prepare                 vm_gameboy
     00000009  b_vm_timer_reset                   vm_gameboy
     00000009  b_vm_timer_set                     vm_gameboy
     00000009  b_vm_timer_stop                    vm_gameboy
     0000000A  ___bank_bg_forestentrance_tilese   bg_forestentrance_tileset
     0000000A  ___bank_bg_forestnautilus_tilese   bg_forestnautilus_tileset
     0000000A  ___bank_bg_forestsplit_tileset     bg_forestsplit_tileset
ASxxxx Linker V03.00 + NoICE + sdld,  page 6.
Hexadecimal  [32-Bits]

Area                                    Addr        Size        Decimal Bytes (Attributes)
--------------------------------        ----        ----        ------- ----- ------------
.  .ABS.                            00000000    00000000 =           0. bytes (ABS,CON)

      Value  Global                              Global Defined In Module
      -----  --------------------------------   ------------------------
     0000000A  ___bank_bg_journalglass_tileset    bg_journalglass_tileset
     0000000A  ___bank_bg_journalskull_tileset    bg_journalskull_tileset
     0000000A  ___bank_bg_journascoop_tileset     bg_journascoop_tileset
     0000000A  ___bank_scene_21_sprites           scene_21_sprites
     0000000B  ___bank_bg_coralstart_tileset      bg_coralstart_tileset
     0000000B  ___bank_bg_journaldrum_tileset     bg_journaldrum_tileset
     0000000B  ___bank_bg_journalrocket_tileset   bg_journalrocket_tileset
     0000000B  ___bank_bg_penguinrocxk_tileset    bg_penguinrocxk_tileset
     0000000B  ___bank_bg_starclearingnew_tilem   bg_starclearingnew_tilemap_a
     0000000B  ___bank_scene_30_triggers          scene_30_triggers
     0000000B  ___bank_sprite_premenu_tileset     sprite_premenu_tileset
     0000000C  ___bank_bg_desertfork_tileset      bg_desertfork_tileset
     0000000C  ___bank_bg_journalclueless_tiles   bg_journalclueless_tileset
     0000000C  ___bank_bg_journalsnail_tileset    bg_journalsnail_tileset
     0000000C  ___bank_bg_journalwalkie_tileset   bg_journalwalkie_tileset
     0000000C  ___bank_bg_starclearingnew_tilem   bg_starclearingnew_tilemap
     0000000C  ___bank_scene_13_init              scene_13_init
     0000000C  ___bank_scene_32_collisions        scene_32_collisions
     0000000C  ___bank_trigger_6_interact         trigger_6_interact
     0000000D  ___bank_bg_blueridgecaveentrance   bg_blueridgecaveentrance
     0000000D  ___bank_bg_blueridgecaveentrance   bg_blueridgecaveentrance_til
     0000000D  ___bank_bg_journallazy_tileset     bg_journallazy_tileset
     0000000D  ___bank_bg_opendesert_tilemap      bg_opendesert_tilemap
     0000000D  ___bank_bg_opendesert_tilemap_at   bg_opendesert_tilemap_attr
     0000000D  ___bank_bg_opendesert_tileset      bg_opendesert_tileset
     0000000D  ___bank_bg_pondtest_tileset        bg_pondtest_tileset
     0000000D  ___bank_scene_13_collisions        scene_13_collisions
     0000000D  ___bank_trigger_0_interact         trigger_0_interact
     0000000E  ___bank_VM_UI                      vm_ui
     0000000E  ___bank_bg_blueridgestarcave_til   bg_blueridgestarcave_tileset
     0000000E  ___bank_bg_coralvillage_tileset    bg_coralvillage_tileset
     0000000E  ___bank_bg_gamelogo_tileset        bg_gamelogo_tileset
     0000000E  ___bank_scene_13_actors            scene_13_actors
     0000000E  b_adventure_init                   adventure
     0000000E  b_adventure_update                 adventure
     0000000E  b_projectile_launch                projectiles
     0000000E  b_projectiles_init                 projectiles
     0000000E  b_scroll_init                      scroll
     0000000E  b_scroll_repaint                   scroll
     0000000E  b_scroll_reset                     scroll
     0000000E  b_scroll_update                    scroll
     0000000E  b_shmup_init                       shmup
     0000000E  b_shmup_update                     shmup
     0000000E  b_topdown_init                     topdown
     0000000E  b_topdown_update                   topdown
     0000000E  b_vm_choice                        vm_ui
     0000000E  b_vm_display_text                  vm_ui
     0000000E  b_vm_overlay_clear                 vm_ui
     0000000E  b_vm_overlay_move_to               vm_ui
     0000000E  b_vm_overlay_scroll                vm_ui
     0000000E  b_vm_overlay_set_map               vm_ui
ASxxxx Linker V03.00 + NoICE + sdld,  page 7.
Hexadecimal  [32-Bits]

Area                                    Addr        Size        Decimal Bytes (Attributes)
--------------------------------        ----        ----        ------- ----- ------------
.  .ABS.                            00000000    00000000 =           0. bytes (ABS,CON)

      Value  Global                              Global Defined In Module
      -----  --------------------------------   ------------------------
     0000000E  b_vm_overlay_set_scroll            vm_ui
     0000000E  b_vm_overlay_set_submap            vm_ui
     0000000E  b_vm_overlay_set_submap_ex         vm_ui
     0000000E  b_vm_overlay_setpos                vm_ui
     0000000E  b_vm_overlay_show                  vm_ui
     0000000E  b_vm_overlay_wait                  vm_ui
     0000000E  b_vm_set_font                      vm_ui
     0000000E  b_vm_set_text_sound                vm_ui
     0000000E  b_vm_switch_text_layer             vm_ui
     0000000F  ___bank_bg_blueridgemountaintop2   bg_blueridgemountaintop2_til
     0000000F  ___bank_bg_blueridgemountaintop_   bg_blueridgemountaintop_tile
     0000000F  ___bank_bg_blueridgewalk_tilemap   bg_blueridgewalk_tilemap_att
     0000000F  ___bank_bg_cgmgsj_tileset          bg_cgmgsj_tileset
     0000000F  ___bank_bg_desertoasis_tileset     bg_desertoasis_tileset
     0000000F  ___bank_bg_deserttower_tileset     bg_deserttower_tileset
     0000000F  ___bank_bg_penguinrocxk_tilemap    bg_penguinrocxk_tilemap
     0000000F  ___bank_bg_penguinrocxk_tilemap_   bg_penguinrocxk_tilemap_attr
     0000000F  ___bank_bg_pyramidview_tileset     bg_pyramidview_tileset
     0000000F  ___bank_scene_30_sprites           scene_30_sprites
     0000000F  ___bank_scene_38_collisions        scene_38_collisions
     00000010  ___bank_actor_26_interact          actor_26_interact
     00000010  ___bank_bg_ambercave_tilemap       bg_ambercave_tilemap
     00000010  ___bank_bg_ambercave_tilemap_att   bg_ambercave_tilemap_attr
     00000010  ___bank_bg_blueridgewalk_tileset   bg_blueridgewalk_tileset
     00000010  ___bank_bg_coralvillage_tilemap    bg_coralvillage_tilemap
     00000010  ___bank_bg_coralwell_tileset       bg_coralwell_tileset
     00000010  ___bank_bg_desertfork_tilemap_at   bg_desertfork_tilemap_attr
     00000010  ___bank_bg_forestpond_tileset      bg_forestpond_tileset
     00000010  ___bank_bg_mountain_entrance_til   bg_mountain_entrance_tilemap
     00000010  ___bank_scene_30_collisions        scene_30_collisions
     00000010  ___bank_scene_42_collisions        scene_42_collisions
     00000010  ___bank_scene_49_collisions        scene_49_collisions
     00000010  ___bank_sprite_cute_small_guy_sh   sprite_cute_small_guy_sheet_
     00000010  b_parallax_init                    parallax
     00000011  ___bank_bg_blueridgewalk_tilemap   bg_blueridgewalk_tilemap
     00000011  ___bank_bg_coralslime_tileset      bg_coralslime_tileset
     00000011  ___bank_bg_desert_entry_tileset    bg_desert_entry_tileset
     00000011  ___bank_bg_forestentrance_tilema   bg_forestentrance_tilemap
     00000011  ___bank_bg_forestentrance_tilema   bg_forestentrance_tilemap_at
     00000011  ___bank_bg_testpara_tilemap        bg_testpara_tilemap
     00000011  ___bank_bg_testpara_tilemap_attr   bg_testpara_tilemap_attr
     00000011  ___bank_bg_testpara_tileset        bg_testpara_tileset
     00000011  ___bank_scene_32_sprites           scene_32_sprites
     00000011  ___bank_scene_43_collisions        scene_43_collisions
     00000011  ___bank_scene_45_collisions        scene_45_collisions
     00000011  ___bank_scene_5_collisions         scene_5_collisions
     00000011  ___bank_sprite_digging_animation   sprite_digging_animation_sh_
     00000011  ___bank_sprite_fishing_tileset     sprite_fishing_tileset
     00000011  b_core_reset                       core
     00000011  b_core_run                         core
     00000011  b_data_clear                       load_save
ASxxxx Linker V03.00 + NoICE + sdld,  page 8.
Hexadecimal  [32-Bits]

Area                                    Addr        Size        Decimal Bytes (Attributes)
--------------------------------        ----        ----        ------- ----- ------------
.  .ABS.                            00000000    00000000 =           0. bytes (ABS,CON)

      Value  Global                              Global Defined In Module
      -----  --------------------------------   ------------------------
     00000011  b_data_init                        load_save
     00000011  b_data_load                        load_save
     00000011  b_data_peek                        load_save
     00000011  b_data_save                        load_save
     00000011  b_gbprinter_detect                 gbprinter
     00000011  b_gbprinter_print_overlay          gbprinter
     00000011  b_trigger_activate_at              trigger
     00000011  b_trigger_activate_at_intersecti   trigger
     00000011  b_trigger_at_intersection          trigger
     00000011  b_trigger_at_tile                  trigger
     00000011  b_trigger_interact                 trigger
     00000011  b_trigger_reset                    trigger
     00000011  l__EHL_TRAMPOLINE0              
     00000012  ___bank_VM_PALETTE                 vm_palette
     00000012  ___bank_VM_SIO                     vm_sio
     00000012  ___bank_bg_blueridgecaveentrance   bg_blueridgecaveentrance_til
     00000012  ___bank_bg_blueridgecaveentrance   bg_blueridgecaveentrance_til
     00000012  ___bank_bg_blueridgemountaintop2   bg_blueridgemountaintop2_til
     00000012  ___bank_bg_blueridgemountaintop_   bg_blueridgemountaintop_tile
     00000012  ___bank_bg_blueridgemountaintop_   bg_blueridgemountaintop_tile
     00000012  ___bank_bg_coraltree_tilemap       bg_coraltree_tilemap
     00000012  ___bank_bg_coraltree_tilemap_att   bg_coraltree_tilemap_attr
     00000012  ___bank_bg_coraltunnel_tilemap     bg_coraltunnel_tilemap
     00000012  ___bank_bg_desertfork_tilemap      bg_desertfork_tilemap
     00000012  ___bank_bg_forestpond_tilemap      bg_forestpond_tilemap
     00000012  ___bank_bg_forestsplit_tilemap     bg_forestsplit_tilemap
     00000012  ___bank_scene_31_triggers          scene_31_triggers
     00000012  ___bank_scene_33_collisions        scene_33_collisions
     00000012  ___bank_scene_34_collisions        scene_34_collisions
     00000012  ___bank_scene_35_sprites           scene_35_sprites
     00000012  ___bank_scene_39_collisions        scene_39_collisions
     00000012  ___bank_scene_40_collisions        scene_40_collisions
     00000012  ___bank_scene_46_collisions        scene_46_collisions
     00000012  ___bank_scene_4_collisions         scene_4_collisions
     00000012  b___HandleCrash_banked             
     00000012  b_pointnclick_init                 pointnclick
     00000012  b_pointnclick_update               pointnclick
     00000012  b_vm_load_palette                  vm_palette
     00000012  b_vm_sio_exchange                  vm_sio
     00000012  b_vm_sio_set_mode                  vm_sio
     00000013  ___bank_VM_CAMERA                  vm_camera
     00000013  ___bank_bg_blueridgerockroom_til   bg_blueridgerockroom_tilemap
     00000013  ___bank_bg_blueridgerockroom_til   bg_blueridgerockroom_tilemap
     00000013  ___bank_bg_cgmgsj_tilemap          bg_cgmgsj_tilemap
     00000013  ___bank_bg_coralslime_tilemap      bg_coralslime_tilemap
     00000013  ___bank_bg_coraltunnel_tileset     bg_coraltunnel_tileset
     00000013  ___bank_bg_coralwell_tilemap       bg_coralwell_tilemap
     00000013  ___bank_bg_desert_entry_tilemap    bg_desert_entry_tilemap
     00000013  ___bank_bg_desert_entry_tilemap_   bg_desert_entry_tilemap_attr
     00000013  ___bank_bg_desertoasis_tilemap     bg_desertoasis_tilemap
     00000013  ___bank_bg_deserttower_tilemap     bg_deserttower_tilemap
ASxxxx Linker V03.00 + NoICE + sdld,  page 9.
Hexadecimal  [32-Bits]

Area                                    Addr        Size        Decimal Bytes (Attributes)
--------------------------------        ----        ----        ------- ----- ------------
.  .ABS.                            00000000    00000000 =           0. bytes (ABS,CON)

      Value  Global                              Global Defined In Module
      -----  --------------------------------   ------------------------
     00000013  ___bank_bg_ending_tilemap          bg_ending_tilemap
     00000013  ___bank_bg_forestnautilus_tilema   bg_forestnautilus_tilemap
     00000013  ___bank_bg_forestnautilus_tilema   bg_forestnautilus_tilemap_at
     00000013  ___bank_bg_gamelogo_tilemap        bg_gamelogo_tilemap
     00000013  ___bank_bg_journalcactus_tilemap   bg_journalcactus_tilemap
     00000013  ___bank_bg_journalclueless_tilem   bg_journalclueless_tilemap
     00000013  ___bank_bg_journaldrum_tilemap     bg_journaldrum_tilemap
     00000013  ___bank_bg_journalglass_tilemap    bg_journalglass_tilemap
     00000013  ___bank_bg_journallazy_tilemap     bg_journallazy_tilemap
     00000013  ___bank_bg_journalnecklace_tilem   bg_journalnecklace_tilemap
     00000013  ___bank_bg_journalplant_tilemap    bg_journalplant_tilemap
     00000013  ___bank_bg_journalpoker_tilemap    bg_journalpoker_tilemap
     00000013  ___bank_bg_journalrocket_tilemap   bg_journalrocket_tilemap
     00000013  ___bank_bg_pyramidview_tilemap     bg_pyramidview_tilemap
     00000013  ___bank_scene_21_triggers          scene_21_triggers
     00000013  ___bank_scene_36_sprites           scene_36_sprites
     00000013  ___bank_scene_48_collisions        scene_48_collisions
     00000013  ___bank_scene_50_collisions        scene_50_collisions
     00000013  ___bank_scene_51_collisions        scene_51_collisions
     00000013  ___bank_scene_52_collisions        scene_52_collisions
     00000013  ___bank_scene_53_collisions        scene_53_collisions
     00000013  ___bank_sprite_cute_small_guy_sh   sprite_cute_small_guy_sheet
     00000013  ___bank_trigger_7_interact         trigger_7_interact
     00000013  ___bank_trigger_8_interact         trigger_8_interact
     00000013  b_camera_shake_frames              vm_camera
     00000013  b_fade_applypalettechange          fade_manager
     00000013  b_fade_in                          fade_manager
     00000013  b_fade_in_modal                    fade_manager
     00000013  b_fade_init                        fade_manager
     00000013  b_fade_out                         fade_manager
     00000013  b_fade_out_modal                   fade_manager
     00000013  b_fade_setspeed                    fade_manager
     00000013  b_fade_update                      fade_manager
     00000013  b_set_sgb_border                   sgb_border
     00000013  b_vm_camera_move_to                vm_camera
     00000013  b_vm_camera_set_pos                vm_camera
     00000014  ___bank_VM_MATH                    vm_math
     00000014  ___bank_VM_MUSIC                   vm_music
     00000014  ___bank_bg_journalskull_tilemap    bg_journalskull_tilemap
     00000014  ___bank_bg_journalsnail_tilemap    bg_journalsnail_tilemap
     00000014  ___bank_bg_journalsomeguys_tilem   bg_journalsomeguys_tilemap
     00000014  ___bank_bg_journalswerve_tilemap   bg_journalswerve_tilemap
     00000014  ___bank_bg_journaltrap_tilemap     bg_journaltrap_tilemap
     00000014  ___bank_bg_journalwalkie_tilemap   bg_journalwalkie_tilemap
     00000014  ___bank_bg_journascoop_tilemap     bg_journascoop_tilemap
     00000014  ___bank_bg_knrcandjunepresents_t   bg_knrcandjunepresents_tilem
     00000014  ___bank_bg_pondtest_tilemap        bg_pondtest_tilemap
     00000014  ___bank_bg_pyramidtop_tilemap      bg_pyramidtop_tilemap
     00000014  ___bank_scene_0_collisions         scene_0_collisions
     00000014  ___bank_scene_10_collisions        scene_10_collisions
     00000014  ___bank_scene_11_collisions        scene_11_collisions
ASxxxx Linker V03.00 + NoICE + sdld,  page 10.
Hexadecimal  [32-Bits]

Area                                    Addr        Size        Decimal Bytes (Attributes)
--------------------------------        ----        ----        ------- ----- ------------
.  .ABS.                            00000000    00000000 =           0. bytes (ABS,CON)

      Value  Global                              Global Defined In Module
      -----  --------------------------------   ------------------------
     00000014  ___bank_scene_12_collisions        scene_12_collisions
     00000014  ___bank_scene_14_collisions        scene_14_collisions
     00000014  ___bank_scene_15_collisions        scene_15_collisions
     00000014  ___bank_scene_16_collisions        scene_16_collisions
     00000014  ___bank_scene_17_collisions        scene_17_collisions
     00000014  ___bank_scene_18_collisions        scene_18_collisions
     00000014  ___bank_scene_19_collisions        scene_19_collisions
     00000014  ___bank_scene_20_collisions        scene_20_collisions
     00000014  ___bank_scene_21_actors            scene_21_actors
     00000014  ___bank_scene_21_collisions        scene_21_collisions
     00000014  ___bank_scene_22_collisions        scene_22_collisions
     00000014  ___bank_scene_23_collisions        scene_23_collisions
     00000014  ___bank_scene_24_collisions        scene_24_collisions
     00000014  ___bank_scene_25_collisions        scene_25_collisions
     00000014  ___bank_scene_28_collisions        scene_28_collisions
     00000014  ___bank_scene_29_collisions        scene_29_collisions
     00000014  ___bank_scene_2_collisions         scene_2_collisions
     00000014  ___bank_scene_35_collisions        scene_35_collisions
     00000014  ___bank_scene_3_collisions         scene_3_collisions
     00000014  ___bank_scene_41_collisions        scene_41_collisions
     00000014  ___bank_scene_44_collisions        scene_44_collisions
     00000014  ___bank_scene_54_collisions        scene_54_collisions
     00000014  ___bank_scene_6_collisions         scene_6_collisions
     00000014  ___bank_scene_7_collisions         scene_7_collisions
     00000014  ___bank_scene_8_collisions         scene_8_collisions
     00000014  ___bank_scene_9_collisions         scene_9_collisions
     00000014  ___bank_sprite_digging_animation   sprite_digging_animation_sh
     00000014  ___bank_sprite_premenu_tilemap     sprite_premenu_tilemap
     00000014  ___bank_trigger_14_interact        trigger_14_interact
     00000014  ___bank_trigger_16_interact        trigger_16_interact
     00000014  ___bank_trigger_17_interact        trigger_17_interact
     00000014  ___bank_trigger_18_interact        trigger_18_interact
     00000014  b_vm_cos_scale                     vm_math
     00000014  b_vm_music_mute                    vm_music
     00000014  b_vm_music_play                    vm_music
     00000014  b_vm_music_routine                 vm_music
     00000014  b_vm_music_setpos                  vm_music
     00000014  b_vm_music_stop                    vm_music
     00000014  b_vm_sfx_play                      vm_music
     00000014  b_vm_sin_scale                     vm_math
     00000014  b_vm_sound_mastervol               vm_music
     00000015  ___bank_VM_LOAD_SAVE               vm_load_save
     00000015  ___bank_VM_PROJECTILE              vm_projectiles
     00000015  ___bank_VM_RTC                     vm_rtc
     00000015  ___bank_actor_10_interact          actor_10_interact
     00000015  ___bank_actor_12_interact          actor_12_interact
     00000015  ___bank_actor_13_interact          actor_13_interact
     00000015  ___bank_actor_14_interact          actor_14_interact
     00000015  ___bank_actor_15_interact          actor_15_interact
     00000015  ___bank_actor_17_interact          actor_17_interact
     00000015  ___bank_actor_18_interact          actor_18_interact
ASxxxx Linker V03.00 + NoICE + sdld,  page 11.
Hexadecimal  [32-Bits]

Area                                    Addr        Size        Decimal Bytes (Attributes)
--------------------------------        ----        ----        ------- ----- ------------
.  .ABS.                            00000000    00000000 =           0. bytes (ABS,CON)

      Value  Global                              Global Defined In Module
      -----  --------------------------------   ------------------------
     00000015  ___bank_actor_19_interact          actor_19_interact
     00000015  ___bank_actor_1_interact           actor_1_interact
     00000015  ___bank_actor_20_interact          actor_20_interact
     00000015  ___bank_actor_21_interact          actor_21_interact
     00000015  ___bank_actor_22_interact          actor_22_interact
     00000015  ___bank_actor_23_interact          actor_23_interact
     00000015  ___bank_actor_24_interact          actor_24_interact
     00000015  ___bank_actor_25_interact          actor_25_interact
     00000015  ___bank_actor_27_interact          actor_27_interact
     00000015  ___bank_actor_28_interact          actor_28_interact
     00000015  ___bank_actor_29_interact          actor_29_interact
     00000015  ___bank_actor_2_update             actor_2_update
     00000015  ___bank_actor_30_interact          actor_30_interact
     00000015  ___bank_actor_31_interact          actor_31_interact
     00000015  ___bank_actor_32_interact          actor_32_interact
     00000015  ___bank_actor_33_interact          actor_33_interact
     00000015  ___bank_actor_3_update             actor_3_update
     00000015  ___bank_actor_4_update             actor_4_update
     00000015  ___bank_actor_5_update             actor_5_update
     00000015  ___bank_bg_ambercave_tileset       bg_ambercave_tileset
     00000015  ___bank_bg_blueridgerockroom_til   bg_blueridgerockroom_tileset
     00000015  ___bank_frame_image                frame_image
     00000015  ___bank_scene_35_actors            scene_35_actors
     00000015  ___bank_scene_38_sprites           scene_38_sprites
     00000015  ___bank_scene_8_actors             scene_8_actors
     00000015  ___bank_script_input_0             script_input_0
     00000015  ___bank_script_input_1             script_input_1
     00000015  ___bank_sprite_actor_animated      sprite_actor_animated
     00000015  ___bank_sprite_actor_animated_ti   sprite_actor_animated_tilese
     00000015  ___bank_sprite_cursor_sheet_tile   sprite_cursor_sheet_tileset
     00000015  ___bank_sprite_fishing             sprite_fishing
     00000015  ___bank_sprite_floortreasure_til   sprite_floortreasure_tileset
     00000015  ___bank_trigger_10_interact        trigger_10_interact
     00000015  ___bank_trigger_11_interact        trigger_11_interact
     00000015  ___bank_trigger_13_interact        trigger_13_interact
     00000015  ___bank_trigger_15_interact        trigger_15_interact
     00000015  ___bank_trigger_19_interact        trigger_19_interact
     00000015  ___bank_trigger_22_interact        trigger_22_interact
     00000015  ___bank_trigger_23_interact        trigger_23_interact
     00000015  ___bank_trigger_24_interact        trigger_24_interact
     00000015  ___bank_trigger_25_interact        trigger_25_interact
     00000015  ___bank_trigger_26_interact        trigger_26_interact
     00000015  ___bank_trigger_27_interact        trigger_27_interact
     00000015  ___bank_trigger_28_interact        trigger_28_interact
     00000015  ___bank_trigger_29_interact        trigger_29_interact
     00000015  ___bank_trigger_32_interact        trigger_32_interact
     00000015  ___bank_trigger_33_interact        trigger_33_interact
     00000015  ___bank_trigger_34_interact        trigger_34_interact
     00000015  ___bank_trigger_35_interact        trigger_35_interact
     00000015  ___bank_trigger_36_interact        trigger_36_interact
     00000015  ___bank_trigger_37_interact        trigger_37_interact
ASxxxx Linker V03.00 + NoICE + sdld,  page 12.
Hexadecimal  [32-Bits]

Area                                    Addr        Size        Decimal Bytes (Attributes)
--------------------------------        ----        ----        ------- ----- ------------
.  .ABS.                            00000000    00000000 =           0. bytes (ABS,CON)

      Value  Global                              Global Defined In Module
      -----  --------------------------------   ------------------------
     00000015  ___bank_trigger_38_interact        trigger_38_interact
     00000015  ___bank_trigger_39_interact        trigger_39_interact
     00000015  ___bank_trigger_42_interact        trigger_42_interact
     00000015  ___bank_trigger_43_interact        trigger_43_interact
     00000015  ___bank_trigger_44_interact        trigger_44_interact
     00000015  ___bank_trigger_45_interact        trigger_45_interact
     00000015  ___bank_trigger_46_interact        trigger_46_interact
     00000015  ___bank_trigger_73_interact        trigger_73_interact
     00000015  ___bank_trigger_9_interact         trigger_9_interact
     00000015  b_erase_flash                      
     00000015  b_itoa_fmt                         vm_ui_a
     00000015  b_music_events_poll                music_manager
     00000015  b_music_init_driver                music_manager
     00000015  b_music_init_events                music_manager
     00000015  b_save_sram_banks                  
     00000015  b_vm_projectile_launch             vm_projectiles
     00000015  b_vm_projectile_load_type          vm_projectiles
     00000015  b_vm_rtc_get                       vm_rtc
     00000015  b_vm_rtc_latch                     vm_rtc
     00000015  b_vm_rtc_set                       vm_rtc
     00000015  b_vm_rtc_start                     vm_rtc
     00000015  b_vm_save_clear                    vm_load_save
     00000015  b_vm_save_peek                     vm_load_save
     00000016  ___bank_actor_10_update            actor_10_update
     00000016  ___bank_actor_11_interact          actor_11_interact
     00000016  ___bank_actor_11_update            actor_11_update
     00000016  ___bank_actor_12_update            actor_12_update
     00000016  ___bank_actor_13_update            actor_13_update
     00000016  ___bank_actor_14_update            actor_14_update
     00000016  ___bank_actor_15_update            actor_15_update
     00000016  ___bank_actor_16_interact          actor_16_interact
     00000016  ___bank_actor_16_update            actor_16_update
     00000016  ___bank_actor_17_update            actor_17_update
     00000016  ___bank_actor_18_update            actor_18_update
     00000016  ___bank_actor_20_update            actor_20_update
     00000016  ___bank_actor_21_update            actor_21_update
     00000016  ___bank_actor_22_update            actor_22_update
     00000016  ___bank_actor_23_update            actor_23_update
     00000016  ___bank_actor_24_update            actor_24_update
     00000016  ___bank_actor_25_update            actor_25_update
     00000016  ___bank_actor_32_update            actor_32_update
     00000016  ___bank_actor_33_update            actor_33_update
     00000016  ___bank_bg_blueridgemountaintop    bg_blueridgemountaintop
     00000016  ___bank_bg_blueridgemountaintop2   bg_blueridgemountaintop2
     00000016  ___bank_bg_blueridgerockroom       bg_blueridgerockroom
     00000016  ___bank_bg_blueridgestarcave       bg_blueridgestarcave
     00000016  ___bank_bg_blueridgewalk           bg_blueridgewalk
     00000016  ___bank_bg_cgmgsj                  bg_cgmgsj
     00000016  ___bank_bg_coralmaze               bg_coralmaze
     00000016  ___bank_bg_coralslime              bg_coralslime
     00000016  ___bank_bg_coralstart              bg_coralstart
ASxxxx Linker V03.00 + NoICE + sdld,  page 13.
Hexadecimal  [32-Bits]

Area                                    Addr        Size        Decimal Bytes (Attributes)
--------------------------------        ----        ----        ------- ----- ------------
.  .ABS.                            00000000    00000000 =           0. bytes (ABS,CON)

      Value  Global                              Global Defined In Module
      -----  --------------------------------   ------------------------
     00000016  ___bank_bg_coraltree               bg_coraltree
     00000016  ___bank_bg_coraltunnel             bg_coraltunnel
     00000016  ___bank_bg_coralvillage            bg_coralvillage
     00000016  ___bank_bg_coralwell               bg_coralwell
     00000016  ___bank_bg_desert_entry            bg_desert_entry
     00000016  ___bank_bg_desertfork              bg_desertfork
     00000016  ___bank_bg_desertoasis             bg_desertoasis
     00000016  ___bank_bg_deserttower             bg_deserttower
     00000016  ___bank_bg_ending                  bg_ending
     00000016  ___bank_bg_forestentrance          bg_forestentrance
     00000016  ___bank_bg_forestmaintest          bg_forestmaintest
     00000016  ___bank_bg_forestnautilus          bg_forestnautilus
     00000016  ___bank_bg_forestpond              bg_forestpond
     00000016  ___bank_bg_forestsplit             bg_forestsplit
     00000016  ___bank_bg_gamelogo                bg_gamelogo
     00000016  ___bank_bg_journalcactus           bg_journalcactus
     00000016  ___bank_bg_journalclueless         bg_journalclueless
     00000016  ___bank_bg_journaldrum             bg_journaldrum
     00000016  ___bank_bg_journalglass            bg_journalglass
     00000016  ___bank_bg_journallazy             bg_journallazy
     00000016  ___bank_bg_journalnecklace         bg_journalnecklace
     00000016  ___bank_bg_journalplant            bg_journalplant
     00000016  ___bank_bg_journalpoker            bg_journalpoker
     00000016  ___bank_bg_journalrocket           bg_journalrocket
     00000016  ___bank_bg_journalskull            bg_journalskull
     00000016  ___bank_bg_journalsnail            bg_journalsnail
     00000016  ___bank_bg_journalsomeguys         bg_journalsomeguys
     00000016  ___bank_bg_journalswerve           bg_journalswerve
     00000016  ___bank_bg_journaltrap             bg_journaltrap
     00000016  ___bank_bg_journalwalkie           bg_journalwalkie
     00000016  ___bank_bg_journascoop             bg_journascoop
     00000016  ___bank_bg_knrcandjunepresents     bg_knrcandjunepresents
     00000016  ___bank_bg_mountain_entrance       bg_mountain_entrance
     00000016  ___bank_bg_opendesert              bg_opendesert
     00000016  ___bank_bg_penguinrocxk            bg_penguinrocxk
     00000016  ___bank_bg_pondtest                bg_pondtest
     00000016  ___bank_bg_pyramidtop              bg_pyramidtop
     00000016  ___bank_bg_pyramidview             bg_pyramidview
     00000016  ___bank_bg_starclearingnew         bg_starclearingnew
     00000016  ___bank_bg_testpara                bg_testpara
     00000016  ___bank_cursor_image               cursor_image
     00000016  ___bank_emote_love                 emote_love
     00000016  ___bank_emote_pause                emote_pause
     00000016  ___bank_emote_question             emote_question
     00000016  ___bank_emote_shock                emote_shock
     00000016  ___bank_palette_0                  palette_0
     00000016  ___bank_palette_1                  palette_1
     00000016  ___bank_scene_0                    scene_0
     00000016  ___bank_scene_0_triggers           scene_0_triggers
     00000016  ___bank_scene_10                   scene_10
     00000016  ___bank_scene_10_init              scene_10_init
ASxxxx Linker V03.00 + NoICE + sdld,  page 14.
Hexadecimal  [32-Bits]

Area                                    Addr        Size        Decimal Bytes (Attributes)
--------------------------------        ----        ----        ------- ----- ------------
.  .ABS.                            00000000    00000000 =           0. bytes (ABS,CON)

      Value  Global                              Global Defined In Module
      -----  --------------------------------   ------------------------
     00000016  ___bank_scene_10_triggers          scene_10_triggers
     00000016  ___bank_scene_11                   scene_11
     00000016  ___bank_scene_11_init              scene_11_init
     00000016  ___bank_scene_11_triggers          scene_11_triggers
     00000016  ___bank_scene_12                   scene_12
     00000016  ___bank_scene_12_init              scene_12_init
     00000016  ___bank_scene_12_triggers          scene_12_triggers
     00000016  ___bank_scene_13                   scene_13
     00000016  ___bank_scene_13_triggers          scene_13_triggers
     00000016  ___bank_scene_14                   scene_14
     00000016  ___bank_scene_14_init              scene_14_init
     00000016  ___bank_scene_14_triggers          scene_14_triggers
     00000016  ___bank_scene_15                   scene_15
     00000016  ___bank_scene_15_init              scene_15_init
     00000016  ___bank_scene_15_triggers          scene_15_triggers
     00000016  ___bank_scene_16                   scene_16
     00000016  ___bank_scene_16_init              scene_16_init
     00000016  ___bank_scene_16_triggers          scene_16_triggers
     00000016  ___bank_scene_17                   scene_17
     00000016  ___bank_scene_17_init              scene_17_init
     00000016  ___bank_scene_17_triggers          scene_17_triggers
     00000016  ___bank_scene_18                   scene_18
     00000016  ___bank_scene_18_init              scene_18_init
     00000016  ___bank_scene_18_triggers          scene_18_triggers
     00000016  ___bank_scene_19                   scene_19
     00000016  ___bank_scene_19_init              scene_19_init
     00000016  ___bank_scene_19_triggers          scene_19_triggers
     00000016  ___bank_scene_2                    scene_2
     00000016  ___bank_scene_20                   scene_20
     00000016  ___bank_scene_20_init              scene_20_init
     00000016  ___bank_scene_20_triggers          scene_20_triggers
     00000016  ___bank_scene_21                   scene_21
     00000016  ___bank_scene_21_init              scene_21_init
     00000016  ___bank_scene_22                   scene_22
     00000016  ___bank_scene_22_init              scene_22_init
     00000016  ___bank_scene_22_triggers          scene_22_triggers
     00000016  ___bank_scene_23                   scene_23
     00000016  ___bank_scene_23_init              scene_23_init
     00000016  ___bank_scene_23_triggers          scene_23_triggers
     00000016  ___bank_scene_24                   scene_24
     00000016  ___bank_scene_24_init              scene_24_init
     00000016  ___bank_scene_24_triggers          scene_24_triggers
     00000016  ___bank_scene_25                   scene_25
     00000016  ___bank_scene_25_init              scene_25_init
     00000016  ___bank_scene_25_triggers          scene_25_triggers
     00000016  ___bank_scene_28                   scene_28
     00000016  ___bank_scene_28_init              scene_28_init
     00000016  ___bank_scene_29                   scene_29
     00000016  ___bank_scene_29_init              scene_29_init
     00000016  ___bank_scene_2_init               scene_2_init
     00000016  ___bank_scene_2_triggers           scene_2_triggers
ASxxxx Linker V03.00 + NoICE + sdld,  page 15.
Hexadecimal  [32-Bits]

Area                                    Addr        Size        Decimal Bytes (Attributes)
--------------------------------        ----        ----        ------- ----- ------------
.  .ABS.                            00000000    00000000 =           0. bytes (ABS,CON)

      Value  Global                              Global Defined In Module
      -----  --------------------------------   ------------------------
     00000016  ___bank_scene_3                    scene_3
     00000016  ___bank_scene_30                   scene_30
     00000016  ___bank_scene_30_actors            scene_30_actors
     00000016  ___bank_scene_30_init              scene_30_init
     00000016  ___bank_scene_31                   scene_31
     00000016  ___bank_scene_31_init              scene_31_init
     00000016  ___bank_scene_32                   scene_32
     00000016  ___bank_scene_32_actors            scene_32_actors
     00000016  ___bank_scene_32_init              scene_32_init
     00000016  ___bank_scene_32_triggers          scene_32_triggers
     00000016  ___bank_scene_33                   scene_33
     00000016  ___bank_scene_33_init              scene_33_init
     00000016  ___bank_scene_33_triggers          scene_33_triggers
     00000016  ___bank_scene_34                   scene_34
     00000016  ___bank_scene_34_actors            scene_34_actors
     00000016  ___bank_scene_34_init              scene_34_init
     00000016  ___bank_scene_34_triggers          scene_34_triggers
     00000016  ___bank_scene_35                   scene_35
     00000016  ___bank_scene_35_init              scene_35_init
     00000016  ___bank_scene_35_triggers          scene_35_triggers
     00000016  ___bank_scene_36                   scene_36
     00000016  ___bank_scene_36_actors            scene_36_actors
     00000016  ___bank_scene_36_init              scene_36_init
     00000016  ___bank_scene_36_triggers          scene_36_triggers
     00000016  ___bank_scene_37                   scene_37
     00000016  ___bank_scene_37_actors            scene_37_actors
     00000016  ___bank_scene_37_init              scene_37_init
     00000016  ___bank_scene_37_triggers          scene_37_triggers
     00000016  ___bank_scene_38                   scene_38
     00000016  ___bank_scene_38_actors            scene_38_actors
     00000016  ___bank_scene_38_init              scene_38_init
     00000016  ___bank_scene_38_triggers          scene_38_triggers
     00000016  ___bank_scene_39                   scene_39
     00000016  ___bank_scene_39_init              scene_39_init
     00000016  ___bank_scene_39_triggers          scene_39_triggers
     00000016  ___bank_scene_3_init               scene_3_init
     00000016  ___bank_scene_4                    scene_4
     00000016  ___bank_scene_40                   scene_40
     00000016  ___bank_scene_40_actors            scene_40_actors
     00000016  ___bank_scene_40_init              scene_40_init
     00000016  ___bank_scene_40_sprites           scene_40_sprites
     00000016  ___bank_scene_40_triggers          scene_40_triggers
     00000016  ___bank_scene_41                   scene_41
     00000016  ___bank_scene_41_init              scene_41_init
     00000016  ___bank_scene_41_triggers          scene_41_triggers
     00000016  ___bank_scene_42                   scene_42
     00000016  ___bank_scene_42_actors            scene_42_actors
     00000016  ___bank_scene_42_init              scene_42_init
     00000016  ___bank_scene_42_sprites           scene_42_sprites
     00000016  ___bank_scene_42_triggers          scene_42_triggers
     00000016  ___bank_scene_43                   scene_43
ASxxxx Linker V03.00 + NoICE + sdld,  page 16.
Hexadecimal  [32-Bits]

Area                                    Addr        Size        Decimal Bytes (Attributes)
--------------------------------        ----        ----        ------- ----- ------------
.  .ABS.                            00000000    00000000 =           0. bytes (ABS,CON)

      Value  Global                              Global Defined In Module
      -----  --------------------------------   ------------------------
     00000016  ___bank_scene_43_init              scene_43_init
     00000016  ___bank_scene_43_triggers          scene_43_triggers
     00000016  ___bank_scene_44                   scene_44
     00000016  ___bank_scene_44_actors            scene_44_actors
     00000016  ___bank_scene_44_init              scene_44_init
     00000016  ___bank_scene_44_triggers          scene_44_triggers
     00000016  ___bank_scene_45                   scene_45
     00000016  ___bank_scene_45_init              scene_45_init
     00000016  ___bank_scene_45_triggers          scene_45_triggers
     00000016  ___bank_scene_46                   scene_46
     00000016  ___bank_scene_46_init              scene_46_init
     00000016  ___bank_scene_46_triggers          scene_46_triggers
     00000016  ___bank_scene_47                   scene_47
     00000016  ___bank_scene_47_actors            scene_47_actors
     00000016  ___bank_scene_47_init              scene_47_init
     00000016  ___bank_scene_47_sprites           scene_47_sprites
     00000016  ___bank_scene_47_triggers          scene_47_triggers
     00000016  ___bank_scene_48                   scene_48
     00000016  ___bank_scene_48_actors            scene_48_actors
     00000016  ___bank_scene_48_init              scene_48_init
     00000016  ___bank_scene_48_triggers          scene_48_triggers
     00000016  ___bank_scene_49                   scene_49
     00000016  ___bank_scene_49_actors            scene_49_actors
     00000016  ___bank_scene_49_init              scene_49_init
     00000016  ___bank_scene_49_sprites           scene_49_sprites
     00000016  ___bank_scene_49_triggers          scene_49_triggers
     00000016  ___bank_scene_4_init               scene_4_init
     00000016  ___bank_scene_4_triggers           scene_4_triggers
     00000016  ___bank_scene_5                    scene_5
     00000016  ___bank_scene_50                   scene_50
     00000016  ___bank_scene_50_actors            scene_50_actors
     00000016  ___bank_scene_50_init              scene_50_init
     00000016  ___bank_scene_50_sprites           scene_50_sprites
     00000016  ___bank_scene_50_triggers          scene_50_triggers
     00000016  ___bank_scene_51                   scene_51
     00000016  ___bank_scene_51_init              scene_51_init
     00000016  ___bank_scene_51_triggers          scene_51_triggers
     00000016  ___bank_scene_52                   scene_52
     00000016  ___bank_scene_52_init              scene_52_init
     00000016  ___bank_scene_52_triggers          scene_52_triggers
     00000016  ___bank_scene_53                   scene_53
     00000016  ___bank_scene_53_init              scene_53_init
     00000016  ___bank_scene_53_triggers          scene_53_triggers
     00000016  ___bank_scene_54                   scene_54
     00000016  ___bank_scene_54_actors            scene_54_actors
     00000016  ___bank_scene_54_init              scene_54_init
     00000016  ___bank_scene_54_sprites           scene_54_sprites
     00000016  ___bank_scene_54_triggers          scene_54_triggers
     00000016  ___bank_scene_5_init               scene_5_init
     00000016  ___bank_scene_5_triggers           scene_5_triggers
     00000016  ___bank_scene_6                    scene_6
ASxxxx Linker V03.00 + NoICE + sdld,  page 17.
Hexadecimal  [32-Bits]

Area                                    Addr        Size        Decimal Bytes (Attributes)
--------------------------------        ----        ----        ------- ----- ------------
.  .ABS.                            00000000    00000000 =           0. bytes (ABS,CON)

      Value  Global                              Global Defined In Module
      -----  --------------------------------   ------------------------
     00000016  ___bank_scene_6_init               scene_6_init
     00000016  ___bank_scene_7                    scene_7
     00000016  ___bank_scene_7_actors             scene_7_actors
     00000016  ___bank_scene_7_init               scene_7_init
     00000016  ___bank_scene_7_sprites            scene_7_sprites
     00000016  ___bank_scene_7_triggers           scene_7_triggers
     00000016  ___bank_scene_8                    scene_8
     00000016  ___bank_scene_8_init               scene_8_init
     00000016  ___bank_scene_8_triggers           scene_8_triggers
     00000016  ___bank_scene_9                    scene_9
     00000016  ___bank_scene_9_init               scene_9_init
     00000016  ___bank_scene_9_triggers           scene_9_triggers
     00000016  ___bank_script_engine_init         
     00000016  ___bank_script_input_2             script_input_2
     00000016  ___bank_script_input_3             script_input_3
     00000016  ___bank_sprite_1                   sprite_1
     00000016  ___bank_sprite_1_tileset           sprite_1_tileset
     00000016  ___bank_sprite_2                   sprite_2
     00000016  ___bank_sprite_2_tileset           sprite_2_tileset
     00000016  ___bank_sprite_3                   sprite_3
     00000016  ___bank_sprite_3_tileset           sprite_3_tileset
     00000016  ___bank_sprite_4                   sprite_4
     00000016  ___bank_sprite_4_tileset           sprite_4_tileset
     00000016  ___bank_sprite_5                   sprite_5
     00000016  ___bank_sprite_5_tileset           sprite_5_tileset
     00000016  ___bank_sprite_6                   sprite_6
     00000016  ___bank_sprite_6_tileset           sprite_6_tileset
     00000016  ___bank_sprite_cursor_sheet        sprite_cursor_sheet
     00000016  ___bank_sprite_digspot             sprite_digspot
     00000016  ___bank_sprite_digspot_tileset     sprite_digspot_tileset
     00000016  ___bank_sprite_digspotopen         sprite_digspotopen
     00000016  ___bank_sprite_digspotopen_tiles   sprite_digspotopen_tileset
     00000016  ___bank_sprite_floortreasure       sprite_floortreasure
     00000016  ___bank_sprite_premenu             sprite_premenu
     00000016  ___bank_sprite_rock                sprite_rock
     00000016  ___bank_sprite_rock_tileset        sprite_rock_tileset
     00000016  ___bank_sprite_stupid              sprite_stupid
     00000016  ___bank_sprite_stupid_tileset      sprite_stupid_tileset
     00000016  ___bank_trigger_12_interact        trigger_12_interact
     00000016  ___bank_trigger_1_interact         trigger_1_interact
     00000016  ___bank_trigger_20_interact        trigger_20_interact
     00000016  ___bank_trigger_21_interact        trigger_21_interact
     00000016  ___bank_trigger_30_interact        trigger_30_interact
     00000016  ___bank_trigger_31_interact        trigger_31_interact
     00000016  ___bank_trigger_40_interact        trigger_40_interact
     00000016  ___bank_trigger_41_interact        trigger_41_interact
     00000016  ___bank_trigger_47_interact        trigger_47_interact
     00000016  ___bank_trigger_48_interact        trigger_48_interact
     00000016  ___bank_trigger_49_interact        trigger_49_interact
     00000016  ___bank_trigger_50_interact        trigger_50_interact
     00000016  ___bank_trigger_51_interact        trigger_51_interact
ASxxxx Linker V03.00 + NoICE + sdld,  page 18.
Hexadecimal  [32-Bits]

Area                                    Addr        Size        Decimal Bytes (Attributes)
--------------------------------        ----        ----        ------- ----- ------------
.  .ABS.                            00000000    00000000 =           0. bytes (ABS,CON)

      Value  Global                              Global Defined In Module
      -----  --------------------------------   ------------------------
     00000016  ___bank_trigger_52_interact        trigger_52_interact
     00000016  ___bank_trigger_53_interact        trigger_53_interact
     00000016  ___bank_trigger_54_interact        trigger_54_interact
     00000016  ___bank_trigger_55_interact        trigger_55_interact
     00000016  ___bank_trigger_56_interact        trigger_56_interact
     00000016  ___bank_trigger_57_interact        trigger_57_interact
     00000016  ___bank_trigger_58_interact        trigger_58_interact
     00000016  ___bank_trigger_59_interact        trigger_59_interact
     00000016  ___bank_trigger_60_interact        trigger_60_interact
     00000016  ___bank_trigger_61_interact        trigger_61_interact
     00000016  ___bank_trigger_62_interact        trigger_62_interact
     00000016  ___bank_trigger_63_interact        trigger_63_interact
     00000016  ___bank_trigger_64_interact        trigger_64_interact
     00000016  ___bank_trigger_65_interact        trigger_65_interact
     00000016  ___bank_trigger_66_interact        trigger_66_interact
     00000016  ___bank_trigger_67_interact        trigger_67_interact
     00000016  ___bank_trigger_68_interact        trigger_68_interact
     00000016  ___bank_trigger_69_interact        trigger_69_interact
     00000016  ___bank_trigger_70_interact        trigger_70_interact
     00000016  ___bank_trigger_71_interact        trigger_71_interact
     00000016  ___bank_trigger_72_interact        trigger_72_interact
     00000016  ___bank_trigger_74_interact        trigger_74_interact
     00000016  ___bank_trigger_75_interact        trigger_75_interact
     00000016  ___bank_trigger_76_interact        trigger_76_interact
     00000016  ___bank_trigger_77_interact        trigger_77_interact
     00000016  ___bank_trigger_78_interact        trigger_78_interact
     00000016  ___bank_trigger_79_interact        trigger_79_interact
     00000016  ___bank_trigger_80_interact        trigger_80_interact
     00000016  ___bank_trigger_81_interact        trigger_81_interact
     00000016  ___bank_trigger_82_interact        trigger_82_interact
     00000016  ___bank_trigger_83_interact        trigger_83_interact
     00000016  ___bank_trigger_84_interact        trigger_84_interact
     00000016  ___bank_trigger_85_interact        trigger_85_interact
     00000016  ___bank_trigger_86_interact        trigger_86_interact
     00000016  ___bank_trigger_87_interact        trigger_87_interact
     00000016  ___bank_trigger_88_interact        trigger_88_interact
     00000016  ___bank_trigger_89_interact        trigger_89_interact
     00000016  ___bank_trigger_90_interact        trigger_90_interact
     00000016  ___bank_trigger_91_interact        trigger_91_interact
     00000016  ___bank_trigger_92_interact        trigger_92_interact
     00000016  ___bank_trigger_93_interact        trigger_93_interact
     00000016  ___bank_trigger_94_interact        trigger_94_interact
     00000016  ___bank_trigger_95_interact        trigger_95_interact
     00000016  ___bank_trigger_96_interact        trigger_96_interact
     00000016  ___bank_trigger_97_interact        trigger_97_interact
     00000016  ___bank_trigger_98_interact        trigger_98_interact
     00000016  ___bank_trigger_99_interact        trigger_99_interact
     00000016  b_CGBZeroPalette                   palette
     00000016  b_SIO_init                         sio
     00000016  b_events_init                      events
     00000016  b_input_init                       input
ASxxxx Linker V03.00 + NoICE + sdld,  page 19.
Hexadecimal  [32-Bits]

Area                                    Addr        Size        Decimal Bytes (Attributes)
--------------------------------        ----        ----        ------- ----- ------------
.  .ABS.                            00000000    00000000 =           0. bytes (ABS,CON)

      Value  Global                              Global Defined In Module
      -----  --------------------------------   ------------------------
     00000016  b_logo_init                        logo
     00000016  b_logo_update                      logo
     00000016  b_palette_init                     palette
     00000016  b_restore_sram                     flasher
     00000016  b_restore_sram_bank                flasher
     00000016  b_save_sram                        flasher
     00000016  b_scroll_rect                      
     00000016  b_timers_init                      events
     00000019  l__INITIALIZED                  
     00000019  l__INITIALIZER                  
     0000001C  __start_save                    
     00000027  l__GSINIT                       
     00000030  l__HEADER6                      
     0000004E  l__HEADER4                      
     00000082  l__HEADER10                     
     000001CB  l__CRASH_SCRATCH2               
     00000200  s__CODE                         
     00000C4E  l__CODE                         
     00000E4E  s__HOME                         
     0000197F  l__DATA                         
     00002000  _rROMB0                            
     00002C81  l__HOME                         
     00003000  _rROMB1                            
     00003021  l__CODE_22                      
     00003ACF  s__BASE                         
     00003ACF  s__CODE_0                       
     00003ACF  s__INITIALIZER                  
     00003ACF  s__LIT                          
     00003AE8  s__GSINIT                       
     00003B0F  s__GSFINAL                      
     00003FFE  l__CODE_11                      
     00003FFE  l__CODE_3                       
     00003FFE  l__CODE_6                       
     00003FFF  l__CODE_1                       
     00003FFF  l__CODE_10                      
     00003FFF  l__CODE_12                      
     00003FFF  l__CODE_13                      
     00003FFF  l__CODE_15                      
     00003FFF  l__CODE_17                      
     00003FFF  l__CODE_18                      
     00003FFF  l__CODE_20                      
     00003FFF  l__CODE_4                       
     00003FFF  l__CODE_5                       
     00003FFF  l__CODE_7                       
     00004000  _RTC_SELECT_REG                    vm_rtc
     00004000  _rRAMB                             
     00004000  l__CODE_14                      
     00004000  l__CODE_16                      
     00004000  l__CODE_19                      
     00004000  l__CODE_2                       
     00004000  l__CODE_21                      
ASxxxx Linker V03.00 + NoICE + sdld,  page 20.
Hexadecimal  [32-Bits]

Area                                    Addr        Size        Decimal Bytes (Attributes)
--------------------------------        ----        ----        ------- ----- ------------
.  .ABS.                            00000000    00000000 =           0. bytes (ABS,CON)

      Value  Global                              Global Defined In Module
      -----  --------------------------------   ------------------------
     00004000  l__CODE_8                       
     00004000  l__CODE_9                       
     00006000  _RTC_LATCH_REG                     vm_rtc
     00008000  __VRAM                             
     00008000  __VRAM8000                         
     00008800  __VRAM8800                         
     00009000  __VRAM9000                         
     00009800  __SCRN0                            
     00009C00  __SCRN1                            
     0000A000  _RTC_VALUE_REG                     vm_rtc
     0000A000  __SRAM                             
     0000C000  __RAM                              
     0000C000  _shadow_OAM                     
     0000C0A0  s__DATA                         
     0000D000  __RAMBANK                          
     0000DA1F  s__BSS                          
     0000DA1F  s__INITIALIZED                  
     0000DA38  s__HEAP                         
     0000DF00  .STACK                          
     0000DF00  _shadow_OAM2                       absolute
     0000DFA0  _BkgPalette                        absolute
     0000DFE0  _vwf_tile_data                     absolute
     0000FE00  __OAMRAM                           
     0000FF00  _P1_REG                            
     0000FF00  __IO                               
     0000FF01  _SB_REG                            
     0000FF02  _SC_REG                            
     0000FF04  _DIV_REG                           
     0000FF05  _TIMA_REG                          
     0000FF06  _TMA_REG                           
     0000FF07  _TAC_REG                           
     0000FF0F  _IF_REG                            
     0000FF10  _NR10_REG                          
     0000FF11  _NR11_REG                          
     0000FF12  _NR12_REG                          
     0000FF13  _NR13_REG                          
     0000FF14  _NR14_REG                          
     0000FF16  _NR21_REG                          
     0000FF17  _NR22_REG                          
     0000FF18  _NR23_REG                          
     0000FF19  _NR24_REG                          
     0000FF1A  _NR30_REG                          
     0000FF1B  _NR31_REG                          
     0000FF1C  _NR32_REG                          
     0000FF1D  _NR33_REG                          
     0000FF1E  _NR34_REG                          
     0000FF20  _NR41_REG                          
     0000FF21  _NR42_REG                          
     0000FF22  _NR43_REG                          
     0000FF23  _NR44_REG                          
     0000FF24  _NR50_REG                          
ASxxxx Linker V03.00 + NoICE + sdld,  page 21.
Hexadecimal  [32-Bits]

Area                                    Addr        Size        Decimal Bytes (Attributes)
--------------------------------        ----        ----        ------- ----- ------------
.  .ABS.                            00000000    00000000 =           0. bytes (ABS,CON)

      Value  Global                              Global Defined In Module
      -----  --------------------------------   ------------------------
     0000FF25  _NR51_REG                          
     0000FF26  _NR52_REG                          
     0000FF30  _AUD3WAVE                          
     0000FF30  _PCM_SAMPLE                        
     0000FF30  __AUD3WAVERAM                      
     0000FF40  _LCDC_REG                          
     0000FF41  _STAT_REG                          
     0000FF42  _SCY_REG                           
     0000FF43  _SCX_REG                           
     0000FF44  _LY_REG                            
     0000FF45  _LYC_REG                           
     0000FF46  _DMA_REG                           
     0000FF47  _BGP_REG                           
     0000FF48  _OBP0_REG                          
     0000FF49  _OBP1_REG                          
     0000FF4A  _WY_REG                            
     0000FF4B  _WX_REG                            
     0000FF4D  _KEY1_REG                          
     0000FF4F  _VBK_REG                           
     0000FF51  _HDMA1_REG                         
     0000FF52  _HDMA2_REG                         
     0000FF53  _HDMA3_REG                         
     0000FF54  _HDMA4_REG                         
     0000FF55  _HDMA5_REG                         
     0000FF56  _RP_REG                            
     0000FF68  _BCPS_REG                          
     0000FF69  _BCPD_REG                          
     0000FF6A  _OCPS_REG                          
     0000FF6B  _OCPD_REG                          
     0000FF70  _SVBK_REG                          
     0000FF76  _PCM12_REG                         
     0000FF77  _PCM34_REG                         
     0000FF80  .refresh_OAM                    
     0000FF80  __HRAM                             
     0000FFFF  _IE_REG                            
     00014000  s__CODE_1                       
     00024000  s__CODE_2                       
     00034000  s__CODE_3                       
     00044000  s__CODE_4                       
     00054000  s__CODE_5                       
     00064000  s__CODE_6                       
     00074000  s__CODE_7                       
     00084000  s__CODE_8                       
     00094000  s__CODE_9                       
     000A4000  s__CODE_10                      
     000B4000  s__CODE_11                      
     000C4000  s__CODE_12                      
     000D4000  s__CODE_13                      
     000E4000  s__CODE_14                      
     000F4000  s__CODE_15                      
     00104000  s__CODE_16                      
ASxxxx Linker V03.00 + NoICE + sdld,  page 22.
Hexadecimal  [32-Bits]

Area                                    Addr        Size        Decimal Bytes (Attributes)
--------------------------------        ----        ----        ------- ----- ------------
.  .ABS.                            00000000    00000000 =           0. bytes (ABS,CON)

      Value  Global                              Global Defined In Module
      -----  --------------------------------   ------------------------
     00114000  s__CODE_17                      
     00124000  s__CODE_18                      
     00134000  s__CODE_19                      
     00144000  s__CODE_20                      
     00154000  s__CODE_21                      
     00164000  s__CODE_22                      

ASxxxx Linker V03.00 + NoICE + sdld,  page 23.
Hexadecimal  [32-Bits]

Area                                    Addr        Size        Decimal Bytes (Attributes)
--------------------------------        ----        ----        ------- ----- ------------
_CODE                               00000200    00000C4E =        3150. bytes (REL,CON)

      Value  Global                              Global Defined In Module
      -----  --------------------------------   ------------------------
     00000200  ___HandleCrash                     
     0000020A  _SIO_send_byte                     
     0000021D  _SIO_receive                       
     0000022E  _SetTile                           
     0000023D  _set_win_tile_xy                   
     00000242  _set_bkg_tile_xy                   
     00000265  _GetWinAddr                        
     0000026D  _GetBkgAddr                        
     0000027B  _state_init                        
     00000280  _state_update                      
     000002A2  _ui_time_masks                     
     000002AA  _ui_print_shift_char               
     0000032D  _ui_draw_frame_row                 
     00000336  .ui_draw_frame_row                 
     0000035F  _script_cmds                       vm_instructions
     00000593  _save_signature                    game_signature
     00000597  _start_scene_x                     
     00000599  _start_scene_y                     
     0000059B  _start_scene_dir                   
     0000059C  _start_scene                       
     0000059F  _start_player_move_speed           
     000005A0  _start_player_anim_tick            
     000005A1  _ui_fonts                          
     000005A4  _core_reset_hook                   main
     000005AC  _main                              main
     000005B4  _state_start_fns                   
     000005C6  _state_update_fns                  
     000005D8  _hUGE_init_banked                  hUGEDriver_obj
     000005DC  _hUGE_init                         hUGEDriver_obj
     000005E7  _hUGE_mute_channel_banked          hUGEDriver_obj
     000005EB  _hUGE_mute_channel                 hUGEDriver_obj
     000005F8  _hUGE_set_position_banked          hUGEDriver_obj
     000005FC  _hUGE_set_position                 hUGEDriver_obj
     00000605  hUGE_init                          hUGEDriver_obj
     0000065B  hUGE_mute_channel                  hUGEDriver_obj
     00000851  hUGE_set_position                  hUGEDriver_obj
     000009B9  _hUGE_dosound                      hUGEDriver_obj
     000009B9  _hUGE_dosound_banked               hUGEDriver_obj
     000009B9  hUGE_dosound                       hUGEDriver_obj
[...]
                                          [ sprite_fishing_tileset ]
C:/Users/magic/AppData/Local/Temp/_gbsbuild/obj/sprite_fishing.rel
                                          [ sprite_fishing ]
C:/Users/magic/AppData/Local/Temp/_gbsbuild/obj/sprite_floortreasure_tileset.rel
                                          [ sprite_floortreasure_tileset ]
C:/Users/magic/AppData/Local/Temp/_gbsbuild/obj/sprite_floortreasure.rel
                                          [ sprite_floortreasure ]
C:/Users/magic/AppData/Local/Temp/_gbsbuild/obj/sprite_premenu_tilemap.rel
                                          [ sprite_premenu_tilemap ]
C:/Users/magic/AppData/Local/Temp/_gbsbuild/obj/sprite_premenu_tileset.rel
                                          [ sprite_premenu_tileset ]
C:/Users/magic/AppData/Local/Temp/_gbsbuild/obj/sprite_premenu.rel
                                          [ sprite_premenu ]
C:/Users/magic/AppData/Local/Temp/_gbsbuild/obj/sprite_rock_tileset.rel
                                          [ sprite_rock_tileset ]
C:/Users/magic/AppData/Local/Temp/_gbsbuild/obj/sprite_rock.rel
                                          [ sprite_rock ]
C:/Users/magic/AppData/Local/Temp/_gbsbuild/obj/sprite_stupid_tileset.rel
                                          [ sprite_stupid_tileset ]
C:/Users/magic/AppData/Local/Temp/_gbsbuild/obj/sprite_stupid.rel
                                          [ sprite_stupid ]
C:/Users/magic/AppData/Local/Temp/_gbsbuild/obj/spritesheet_none.rel
                                          [ spritesheet_none ]
C:/Users/magic/AppData/Local/Temp/_gbsbuild/obj/trigger_0_interact.rel
                                          [ trigger_0_interact ]
C:/Users/magic/AppData/Local/Temp/_gbsbuild/obj/trigger_1_interact.rel
                                          [ trigger_1_interact ]
C:/Users/magic/AppData/Local/Temp/_gbsbuild/obj/trigger_10_interact.rel
                                          [ trigger_10_interact ]
C:/Users/magic/AppData/Local/Temp/_gbsbuild/obj/trigger_11_interact.rel
                                          [ trigger_11_interact ]
C:/Users/magic/AppData/Local/Temp/_gbsbuild/obj/trigger_12_interact.rel
                                          [ trigger_12_interact ]
C:/Users/magic/AppData/Local/Temp/_gbsbuild/obj/trigger_13_interact.rel
                                          [ trigger_13_interact ]
C:/Users/magic/AppData/Local/Temp/_gbsbuild/obj/trigger_14_interact.rel
                                          [ trigger_14_interact ]
C:/Users/magic/AppData/Local/Temp/_gbsbuild/obj/trigger_15_interact.rel
                                          [ trigger_15_interact ]
C:/Users/magic/AppData/Local/Temp/_gbsbuild/obj/trigger_16_interact.rel
                                          [ trigger_16_interact ]
C:/Users/magic/AppData/Local/Temp/_gbsbuild/obj/trigger_17_interact.rel
                                          [ trigger_17_interact ]
C:/Users/magic/AppData/Local/Temp/_gbsbuild/obj/trigger_18_interact.rel
                                          [ trigger_18_interact ]
C:/Users/magic/AppData/Local/Temp/_gbsbuild/obj/trigger_19_interact.rel
                                          [ trigger_19_interact ]
C:/Users/magic/AppData/Local/Temp/_gbsbuild/obj/trigger_20_interact.rel
                                          [ trigger_20_interact ]
C:/Users/magic/AppData/Local/Temp/_gbsbuild/obj/trigger_21_interact.rel
                                          [ trigger_21_interact ]
C:/Users/magic/AppData/Local/Temp/_gbsbuild/obj/trigger_22_interact.rel
                                          [ trigger_22_interact ]
C:/Users/magic/AppData/Local/Temp/_gbsbuild/obj/trigger_23_interact.rel
                                          [ trigger_23_interact ]
C:/Users/magic/AppData/Local/Temp/_gbsbuild/obj/trigger_24_interact.rel
                                          [ trigger_24_interact ]
C:/Users/magic/AppData/Local/Temp/_gbsbuild/obj/trigger_25_interact.rel
                                          [ trigger_25_interact ]
C:/Users/magic/AppData/Local/Temp/_gbsbuild/obj/trigger_26_interact.rel
                                          [ trigger_26_interact ]
C:/Users/magic/AppData/Local/Temp/_gbsbuild/obj/trigger_27_interact.rel
                                          [ trigger_27_interact ]
C:/Users/magic/AppData/Local/Temp/_gbsbuild/obj/trigger_28_interact.rel
                                          [ trigger_28_interact ]
C:/Users/magic/AppData/Local/Temp/_gbsbuild/obj/trigger_29_interact.rel
                                          [ trigger_29_interact ]
C:/Users/magic/AppData/Local/Temp/_gbsbuild/obj/trigger_30_interact.rel
                                          [ trigger_30_interact ]
C:/Users/magic/AppData/Local/Temp/_gbsbuild/obj/trigger_31_interact.rel
                                          [ trigger_31_interact ]
C:/Users/magic/AppData/Local/Temp/_gbsbuild/obj/trigger_32_interact.rel
                                          [ trigger_32_interact ]
C:/Users/magic/AppData/Local/Temp/_gbsbuild/obj/trigger_33_interact.rel
                                          [ trigger_33_interact ]
C:/Users/magic/AppData/Local/Temp/_gbsbuild/obj/trigger_34_interact.rel
                                          [ trigger_34_interact ]
C:/Users/magic/AppData/Local/Temp/_gbsbuild/obj/trigger_35_interact.rel
                                          [ trigger_35_interact ]
C:/Users/magic/AppData/Local/Temp/_gbsbuild/obj/trigger_36_interact.rel
                                          [ trigger_36_interact ]
C:/Users/magic/AppData/Local/Temp/_gbsbuild/obj/trigger_37_interact.rel
                                          [ trigger_37_interact ]
C:/Users/magic/AppData/Local/Temp/_gbsbuild/obj/trigger_38_interact.rel
                                          [ trigger_38_interact ]
C:/Users/magic/AppData/Local/Temp/_gbsbuild/obj/trigger_39_interact.rel
                                          [ trigger_39_interact ]
C:/Users/magic/AppData/Local/Temp/_gbsbuild/obj/trigger_4_interact.rel
                                          [ trigger_4_interact ]
C:/Users/magic/AppData/Local/Temp/_gbsbuild/obj/trigger_40_interact.rel
                                          [ trigger_40_interact ]
C:/Users/magic/AppData/Local/Temp/_gbsbuild/obj/trigger_41_interact.rel
                                          [ trigger_41_interact ]
C:/Users/magic/AppData/Local/Temp/_gbsbuild/obj/trigger_42_interact.rel
                                          [ trigger_42_interact ]
C:/Users/magic/AppData/Local/Temp/_gbsbuild/obj/trigger_43_interact.rel
                                          [ trigger_43_interact ]
C:/Users/magic/AppData/Local/Temp/_gbsbuild/obj/trigger_44_interact.rel
                                          [ trigger_44_interact ]
C:/Users/magic/AppData/Local/Temp/_gbsbuild/obj/trigger_45_interact.rel
                                          [ trigger_45_interact ]
C:/Users/magic/AppData/Local/Temp/_gbsbuild/obj/trigger_46_interact.rel
                                          [ trigger_46_interact ]
C:/Users/magic/AppData/Local/Temp/_gbsbuild/obj/trigger_47_interact.rel
                                          [ trigger_47_interact ]
C:/Users/magic/AppData/Local/Temp/_gbsbuild/obj/trigger_48_interact.rel
                                          [ trigger_48_interact ]
C:/Users/magic/AppData/Local/Temp/_gbsbuild/obj/trigger_49_interact.rel
                                          [ trigger_49_interact ]
C:/Users/magic/AppData/Local/Temp/_gbsbuild/obj/trigger_5_interact.rel
                                          [ trigger_5_interact ]
C:/Users/magic/AppData/Local/Temp/_gbsbuild/obj/trigger_50_interact.rel
                                          [ trigger_50_interact ]
C:/Users/magic/AppData/Local/Temp/_gbsbuild/obj/trigger_51_interact.rel
                                          [ trigger_51_interact ]
C:/Users/magic/AppData/Local/Temp/_gbsbuild/obj/trigger_52_interact.rel
                                          [ trigger_52_interact ]
C:/Users/magic/AppData/Local/Temp/_gbsbuild/obj/trigger_53_interact.rel
                                          [ trigger_53_interact ]
C:/Users/magic/AppData/Local/Temp/_gbsbuild/obj/trigger_54_interact.rel
                                          [ trigger_54_interact ]
C:/Users/magic/AppData/Local/Temp/_gbsbuild/obj/trigger_55_interact.rel
                                          [ trigger_55_interact ]
C:/Users/magic/AppData/Local/Temp/_gbsbuild/obj/trigger_56_interact.rel
                                          [ trigger_56_interact ]
C:/Users/magic/AppData/Local/Temp/_gbsbuild/obj/trigger_57_interact.rel
                                          [ trigger_57_interact ]
C:/Users/magic/AppData/Local/Temp/_gbsbuild/obj/trigger_58_interact.rel
                                          [ trigger_58_interact ]
C:/Users/magic/AppData/Local/Temp/_gbsbuild/obj/trigger_59_interact.rel
                                          [ trigger_59_interact ]
C:/Users/magic/AppData/Local/Temp/_gbsbuild/obj/trigger_6_interact.rel
                                          [ trigger_6_interact ]
C:/Users/magic/AppData/Local/Temp/_gbsbuild/obj/trigger_60_interact.rel
                                          [ trigger_60_interact ]
C:/Users/magic/AppData/Local/Temp/_gbsbuild/obj/trigger_61_interact.rel
                                          [ trigger_61_interact ]
C:/Users/magic/AppData/Local/Temp/_gbsbuild/obj/trigger_62_interact.rel
                                          [ trigger_62_interact ]
C:/Users/magic/AppData/Local/Temp/_gbsbuild/obj/trigger_63_interact.rel
                                          [ trigger_63_interact ]
C:/Users/magic/AppData/Local/Temp/_gbsbuild/obj/trigger_64_interact.rel
                                          [ trigger_64_interact ]
C:/Users/magic/AppData/Local/Temp/_gbsbuild/obj/trigger_65_interact.rel
                                          [ trigger_65_interact ]
C:/Users/magic/AppData/Local/Temp/_gbsbuild/obj/trigger_66_interact.rel
                                          [ trigger_66_interact ]
C:/Users/magic/AppData/Local/Temp/_gbsbuild/obj/trigger_67_interact.rel
                                          [ trigger_67_interact ]
C:/Users/magic/AppData/Local/Temp/_gbsbuild/obj/trigger_68_interact.rel
                                          [ trigger_68_interact ]
C:/Users/magic/AppData/Local/Temp/_gbsbuild/obj/trigger_69_interact.rel
                                          [ trigger_69_interact ]
C:/Users/magic/AppData/Local/Temp/_gbsbuild/obj/trigger_7_interact.rel
                                          [ trigger_7_interact ]
C:/Users/magic/AppData/Local/Temp/_gbsbuild/obj/trigger_70_interact.rel
                                          [ trigger_70_interact ]
C:/Users/magic/AppData/Local/Temp/_gbsbuild/obj/trigger_71_interact.rel
                                          [ trigger_71_interact ]
C:/Users/magic/AppData/Local/Temp/_gbsbuild/obj/trigger_72_interact.rel
                                          [ trigger_72_interact ]
C:/Users/magic/AppData/Local/Temp/_gbsbuild/obj/trigger_73_interact.rel
                                          [ trigger_73_interact ]
C:/Users/magic/AppData/Local/Temp/_gbsbuild/obj/trigger_74_interact.rel
                                          [ trigger_74_interact ]
C:/Users/magic/AppData/Local/Temp/_gbsbuild/obj/trigger_75_interact.rel
                                          [ trigger_75_interact ]
C:/Users/magic/AppData/Local/Temp/_gbsbuild/obj/trigger_76_interact.rel
                                          [ trigger_76_interact ]
C:/Users/magic/AppData/Local/Temp/_gbsbuild/obj/trigger_77_interact.rel
                                          [ trigger_77_interact ]
C:/Users/magic/AppData/Local/Temp/_gbsbuild/obj/trigger_78_interact.rel
                                          [ trigger_78_interact ]
C:/Users/magic/AppData/Local/Temp/_gbsbuild/obj/trigger_79_interact.rel
                                          [ trigger_79_interact ]
C:/Users/magic/AppData/Local/Temp/_gbsbuild/obj/trigger_8_interact.rel
                                          [ trigger_8_interact ]
C:/Users/magic/AppData/Local/Temp/_gbsbuild/obj/trigger_80_interact.rel
                                          [ trigger_80_interact ]
C:/Users/magic/AppData/Local/Temp/_gbsbuild/obj/trigger_81_interact.rel
                                          [ trigger_81_interact ]
C:/Users/magic/AppData/Local/Temp/_gbsbuild/obj/trigger_82_interact.rel
                                          [ trigger_82_interact ]
C:/Users/magic/AppData/Local/Temp/_gbsbuild/obj/trigger_83_interact.rel
                                          [ trigger_83_interact ]
C:/Users/magic/AppData/Local/Temp/_gbsbuild/obj/trigger_84_interact.rel
                                          [ trigger_84_interact ]
C:/Users/magic/AppData/Local/Temp/_gbsbuild/obj/trigger_85_interact.rel
                                          [ trigger_85_interact ]
C:/Users/magic/AppData/Local/Temp/_gbsbuild/obj/trigger_86_interact.rel
                                          [ trigger_86_interact ]
C:/Users/magic/AppData/Local/Temp/_gbsbuild/obj/trigger_87_interact.rel
                                          [ trigger_87_interact ]
C:/Users/magic/AppData/Local/Temp/_gbsbuild/obj/trigger_88_interact.rel
                                          [ trigger_88_interact ]
C:/Users/magic/AppData/Local/Temp/_gbsbuild/obj/trigger_89_interact.rel
                                          [ trigger_89_interact ]
C:/Users/magic/AppData/Local/Temp/_gbsbuild/obj/trigger_9_interact.rel
                                          [ trigger_9_interact ]
C:/Users/magic/AppData/Local/Temp/_gbsbuild/obj/trigger_90_interact.rel
                                          [ trigger_90_interact ]
C:/Users/magic/AppData/Local/Temp/_gbsbuild/obj/trigger_91_interact.rel
                                          [ trigger_91_interact ]
C:/Users/magic/AppData/Local/Temp/_gbsbuild/obj/trigger_92_interact.rel
                                          [ trigger_92_interact ]
C:/Users/magic/AppData/Local/Temp/_gbsbuild/obj/trigger_93_interact.rel
                                          [ trigger_93_interact ]
C:/Users/magic/AppData/Local/Temp/_gbsbuild/obj/trigger_94_interact.rel
                                          [ trigger_94_interact ]
C:/Users/magic/AppData/Local/Temp/_gbsbuild/obj/trigger_95_interact.rel
                                          [ trigger_95_interact ]
C:/Users/magic/AppData/Local/Temp/_gbsbuild/obj/trigger_96_interact.rel
                                          [ trigger_96_interact ]
C:/Users/magic/AppData/Local/Temp/_gbsbuild/obj/trigger_97_interact.rel
                                          [ trigger_97_interact ]
C:/Users/magic/AppData/Local/Temp/_gbsbuild/obj/trigger_98_interact.rel
                                          [ trigger_98_interact ]
C:/Users/magic/AppData/Local/Temp/_gbsbuild/obj/trigger_99_interact.rel
                                          [ trigger_99_interact ]
C:/Users/magic/AppData/Local/Temp/_gbsbuild/obj/main.rel
                                          [ main ]
C:/Users/magic/AppData/Local/Temp/_gbsbuild/obj/adventure.rel
                                          [ adventure ]
C:/Users/magic/AppData/Local/Temp/_gbsbuild/obj/logo.rel
                                          [ logo ]
C:/Users/magic/AppData/Local/Temp/_gbsbuild/obj/platform.rel
                                          [ platform ]
C:/Users/magic/AppData/Local/Temp/_gbsbuild/obj/pointnclick.rel
                                          [ pointnclick ]
C:/Users/magic/AppData/Local/Temp/_gbsbuild/obj/shmup.rel
                                          [ shmup ]
C:/Users/magic/AppData/Local/Temp/_gbsbuild/obj/states_ptrs.rel
                                          [  ]
C:/Users/magic/AppData/Local/Temp/_gbsbuild/obj/topdown.rel
                                          [ topdown ]


Libraries Linked                          [ object file ]

C:\Users\magic\AppData\Local\Temp/_gbstools/gbdk/lib/small/asxxxx/gb/gb.lib
                                          [ fill_rect_wi.o ]
C:\Users\magic\AppData\Local\Temp/_gbstools/gbdk/lib/small/asxxxx/gbz80/gbz80.lib
                                          [ rand.o ]
lib/hUGEDriver.lib                        [ hUGEDriver.obj.o ]
C:\Users\magic\AppData\Local\Temp/_gbstools/gbdk/lib/small/asxxxx/gb/gb.lib
                                          [ sfr.o ]
C:\Users\magic\AppData\Local\Temp/_gbstools/gbdk/lib/small/asxxxx/gb/gb.lib
                                          [ get_data.o ]
C:\Users\magic\AppData\Local\Temp/_gbstools/gbdk/lib/small/asxxxx/gb/gb.lib
                                          [ get_tile.o ]
C:\Users\magic\AppData\Local\Temp/_gbstools/gbdk/lib/small/asxxxx/gb/gb.lib
                                          [ cgb_palettes.o ]
C:\Users\magic\AppData\Local\Temp/_gbstools/gbdk/lib/small/asxxxx/gb/gb.lib
                                          [ metasprites_hide_spr.o ]
C:\Users\magic\AppData\Local\Temp/_gbstools/gbdk/lib/small/asxxxx/gbz80/gbz80.lib
                                          [ mul.o ]
C:\Users\magic\AppData\Local\Temp/_gbstools/gbdk/lib/small/asxxxx/gbz80/gbz80.lib
                                          [ abs.o ]
C:\Users\magic\AppData\Local\Temp/_gbstools/gbdk/lib/small/asxxxx/gb/gb.lib
                                          [ set_wi_t.o ]
C:\Users\magic\AppData\Local\Temp/_gbstools/gbdk/lib/small/asxxxx/gb/gb.lib
                                          [ set_data.o ]
C:\Users\magic\AppData\Local\Temp/_gbstools/gbdk/lib/small/asxxxx/gbz80/gbz80.lib
                                          [ reverse.o ]
C:\Users\magic\AppData\Local\Temp/_gbstools/gbdk/lib/small/asxxxx/gb/gb.lib
                                          [ far_ptr.o ]
C:\Users\magic\AppData\Local\Temp/_gbstools/gbdk/lib/small/asxxxx/gb/gb.lib
                                          [ sgb.o ]
C:\Users\magic\AppData\Local\Temp/_gbstools/gbdk/lib/small/asxxxx/gb/gb.lib
                                          [ lcd.o ]
C:\Users\magic\AppData\Local\Temp/_gbstools/gbdk/lib/small/asxxxx/gb/gb.lib
                                          [ fill_rect.o ]
C:\Users\magic\AppData\Local\Temp/_gbstools/gbdk/lib/small/asxxxx/gb/gb.lib
                                          [ cpy_data.o ]
C:\Users\magic\AppData\Local\Temp/_gbstools/gbdk/lib/small/asxxxx/gb/gb.lib
                                          [ fill_rect_bk.o ]
C:\Users\magic\AppData\Local\Temp/_gbstools/gbdk/lib/small/asxxxx/gb/gb.lib
                                          [ pad.o ]
C:\Users\magic\AppData\Local\Temp/_gbstools/gbdk/lib/small/asxxxx/gb/gb.lib
                                          [ metasprites.o ]
C:\Users\magic\AppData\Local\Temp/_gbstools/gbdk/lib/small/asxxxx/gbz80/gbz80.lib
                                          [ __sdcc_call_hl.o ]
C:\Users\magic\AppData\Local\Temp/_gbstools/gbdk/lib/small/asxxxx/gbz80/gbz80.lib
                                          [ _memcpy.o ]
C:\Users\magic\AppData\Local\Temp/_gbstools/gbdk/lib/small/asxxxx/gbz80/gbz80.lib
                                          [ _memset.o ]
C:\Users\magic\AppData\Local\Temp/_gbstools/gbdk/lib/small/asxxxx/gb/gb.lib
                                          [ set_xy_t.o ]
C:\Users\magic\AppData\Local\Temp/_gbstools/gbdk/lib/small/asxxxx/gb/gb.lib
                                          [ cgb.o ]
C:\Users\magic\AppData\Local\Temp/_gbstools/gbdk/lib/small/asxxxx/gbz80/gbz80.lib
                                          [ div.o ]
C:\Users\magic\AppData\Local\Temp/_gbstools/gbdk/lib/small/asxxxx/gb/gb.lib
                                          [ set_bk_t.o ]

ASxxxx Linker V03.00 + NoICE + sdld,  page 104.

User Base Address Definitions

_DATA=0xC0A0
_CODE=0x0200
ASxxxx Linker V03.00 + NoICE + sdld,  page 105.

User Global Definitions

.STACK=0xDF00
_shadow_OAM=0xC000
.refresh_OAM=0xFF80
__start_save=28

